// Jest Snapshot v1, https://goo.gl/fbAQLP

exports[`Snapshots should match with snapshot 1`] = `[Function]`;
